21:10:34 enumerating main-namespace pages...
21:10:38 found 458 pages
21:10:38 limited to first 3 pages
21:10:42 DONE: 3/3 pages saved to E:\汉化\项目\女皇之刃\web\tools\..\wiki_data\pages
21:10:51 enumerating main-namespace pages...
21:10:54 found 458 pages
21:11:39 progress: 25/458
21:12:33 progress: 50/458
21:13:32 progress: 75/458
21:14:15 progress: 100/458
21:14:59 progress: 125/458
21:15:35 progress: 150/458
21:16:11 progress: 175/458
21:16:48 progress: 200/458
21:17:24 progress: 225/458
21:18:23 progress: 250/458
21:19:05 progress: 275/458
21:20:12 progress: 300/458
21:21:05 progress: 325/458
21:22:06 progress: 350/458
21:22:41 progress: 375/458
21:23:06 progress: 400/458
21:23:31 progress: 425/458
21:23:52 progress: 450/458
21:24:01 DONE: 458/458 pages saved to E:\汉化\项目\女皇之刃\web\tools\..\wiki_data\pages
